<html>
<head>
  <title>I have content</title>
</head>
<body>
  

<h1>I am an html page and not generated</h1>
</body>
</html>